diff --git a/new.txt b/new.txt
new file mode 100644
index 0000000..29cf654
--- /dev/null
+++ b/new.txt
@@ -0,0 +1 @@
+entirely different
diff --git a/old.txt b/old.txt
deleted file mode 100644
index 9163c87..0000000
--- a/old.txt
+++ /dev/null
@@ -1,50 +0,0 @@
-original content
-original content
-original content
-original content
-original content
-original content
-original content
-original content
-original content
-original content
-original content
-original content
-original content
-original content
-original content
-original content
-original content
-original content
-original content
-original content
-original content
-original content
-original content
-original content
-original content
-original content
-original content
-original content
-original content
-original content
-original content
-original content
-original content
-original content
-original content
-original content
-original content
-original content
-original content
-original content
-original content
-original content
-original content
-original content
-original content
-original content
-original content
-original content
-original content
-original content
